*/ За чекорите 20 и 22.
За трите гранки што ги креирав, прво ја променив првата локално, ја пушнав на далечниот
репозиториум и ги merge-нав со мастер, и потоа веднаш синхронизирав далечниот репозиториум
со локалниот. После тоа преминав на втората гранка, локално промените што ги извршив
на неа, пак ја пушнав и ги merge-нав на далечниот репозиториум. И истото после го направив
и за третата гранка.
Т.е едно по едно ги правев и ги синхронизирав. Проблеми за merge-ање немав.
/*

*/ 
$ git init - Иницијализира нов Git репозиториум во тековниот директориум.
$ git remote add origin https://github.com/... - Додава далечински (remote) репозиториум со име origin, кој се наоѓа на GitHub. Ова овозможува синхронизација со тој репозиториум.
$ git add . -Ги додава сите промени (нови, изменети или избришани фајлови) во индексот на Git за наредниот commit.
$ git commit -m "first commit" - Ги зачувува (commits) промените во локалната ризница со порака "first commit".
$ git config --global user.email "you@example.com" - Ја поставува глобалната е-пошта што Git ќе ја користи за идентификација на авторот на комитите.
$ git config --global user.name "Your Name" - Го поставува глобалното корисничко име што ќе се поврзува со комитите.
$ git fetch origin master - Ги презема најновите промени од гранката master на origin (далечински репозиториум), но не ги спојува во локалниот код.
$ git checkout master - Ја менува тековната гранка во master. Ако веќе сте на master, оваа наредба нема ефект.
$ git pull origin master - Ги презема и ги спојува (merge) најновите промени од master гранката на далечинскиот репозиториум во вашата локална master гранка.
$ git push origin master - Ги испраќа (push) локалните промени од master гранката кон далечинскиот репозиториум на GitHub.
$ git clone https://github.com/... - Го копира (клонира) целиот репозиториум од GitHub во нов локален директориум, овозможувајќи работа на кодот локално.
/*


PC@DESKTOP-DGJG9PF MINGW64 ~/Desktop/SI_2025_lab1_233222
$ git init
Initialized empty Git repository in C:/Users/PC/Desktop/SI_2025_lab1_233222/.git/

PC@DESKTOP-DGJG9PF MINGW64 ~/Desktop/SI_2025_lab1_233222 (master)
$ git remote add origin https://github.com/Stoilovski/SI_2025_lab1_233222.git

PC@DESKTOP-DGJG9PF MINGW64 ~/Desktop/SI_2025_lab1_233222 (master)
$ git init
Reinitialized existing Git repository in C:/Users/PC/Desktop/SI_2025_lab1_233222/.git/

PC@DESKTOP-DGJG9PF MINGW64 ~/Desktop/SI_2025_lab1_233222 (master)
$ git remote add origin https://github.com/Stoilovski/SI_2025_lab1_233222.git
error: remote origin already exists.

PC@DESKTOP-DGJG9PF MINGW64 ~/Desktop/SI_2025_lab1_233222 (master)
$ git add README.md
fatal: pathspec 'README.md' did not match any files

PC@DESKTOP-DGJG9PF MINGW64 ~/Desktop/SI_2025_lab1_233222 (master)
$ nano README.md

PC@DESKTOP-DGJG9PF MINGW64 ~/Desktop/SI_2025_lab1_233222 (master)
$ git add README.md
warning: in the working copy of 'README.md', LF will be replaced by CRLF the next time Git touches it

PC@DESKTOP-DGJG9PF MINGW64 ~/Desktop/SI_2025_lab1_233222 (master)
$ git commit -m "first commit"
Author identity unknown

*** Please tell me who you are.

Run

  git config --global user.email "you@example.com"
  git config --global user.name "Your Name"

to set your account's default identity.
Omit --global to set the identity only in this repository.

fatal: unable to auto-detect email address (got 'PC@DESKTOP-DGJG9PF.(none)')

PC@DESKTOP-DGJG9PF MINGW64 ~/Desktop/SI_2025_lab1_233222 (master)
$ git config user.email "david.stoilovski@students.finki.ukim.mk"

PC@DESKTOP-DGJG9PF MINGW64 ~/Desktop/SI_2025_lab1_233222 (master)
$ git config user.name "Stoilovski"

PC@DESKTOP-DGJG9PF MINGW64 ~/Desktop/SI_2025_lab1_233222 (master)
$ git commit -m "first commit"
[master (root-commit) 21998d6] first commit
 1 file changed, 1 insertion(+)
 create mode 100644 README.md

PC@DESKTOP-DGJG9PF MINGW64 ~/Desktop/SI_2025_lab1_233222 (master)
$ git commit -m "Initial commit"
On branch master
Untracked files:
  (use "git add <file>..." to include in what will be committed)
        233222.txt

nothing added to commit but untracked files present (use "git add" to track)

PC@DESKTOP-DGJG9PF MINGW64 ~/Desktop/SI_2025_lab1_233222 (master)
$ git commit -m "Initial commit"
On branch master
nothing to commit, working tree clean

PC@DESKTOP-DGJG9PF MINGW64 ~/Desktop/SI_2025_lab1_233222 (master)
$ git commit -m "Add starter code"
On branch master
Untracked files:
  (use "git add <file>..." to include in what will be committed)
        SI2025Lab1Main.java

nothing added to commit but untracked files present (use "git add" to track)

PC@DESKTOP-DGJG9PF MINGW64 ~/Desktop/SI_2025_lab1_233222 (master)
$ git add "SI2025Lab1Main.java"
warning: in the working copy of 'SI2025Lab1Main.java', LF will be replaced by CRLF the next time Git tou
ches it

PC@DESKTOP-DGJG9PF MINGW64 ~/Desktop/SI_2025_lab1_233222 (master)
$ git commit -m "Add starter code"
[master 80e1de8] Add starter code
 1 file changed, 126 insertions(+)
 create mode 100644 SI2025Lab1Main.java

PC@DESKTOP-DGJG9PF MINGW64 ~/Desktop/SI_2025_lab1_233222 (master)
$ git push -u origin master
info: please complete authentication in your browser...
Enumerating objects: 6, done.
Counting objects: 100% (6/6), done.
Delta compression using up to 6 threads
Compressing objects: 100% (4/4), done.
Writing objects: 100% (6/6), 1.39 KiB | 1.39 MiB/s, done.
Total 6 (delta 1), reused 0 (delta 0), pack-reused 0 (from 0)
remote: Resolving deltas: 100% (1/1), done.
To https://github.com/Stoilovski/SI_2025_lab1_233222.git
 * [new branch]      master -> master
branch 'master' set up to track 'origin/master'.

PC@DESKTOP-DGJG9PF MINGW64 ~/Desktop/SI_2025_lab1_233222 (master)
$ git fetch origin
From https://github.com/Stoilovski/SI_2025_lab1_233222
 * [new branch]      1-remove-a-task-by-name -> origin/1-remove-a-task-by-name

PC@DESKTOP-DGJG9PF MINGW64 ~/Desktop/SI_2025_lab1_233222 (master)
$ git checkout 1-remove-a-task-by-name
branch '1-remove-a-task-by-name' set up to track 'origin/1-remove-a-task-by-name'.
Switched to a new branch '1-remove-a-task-by-name'

PC@DESKTOP-DGJG9PF MINGW64 ~/Desktop/SI_2025_lab1_233222 (1-remove-a-task-by-name)
$ git checkout master
Switched to branch 'master'
Your branch is up to date with 'origin/master'.

PC@DESKTOP-DGJG9PF MINGW64 ~/Desktop/SI_2025_lab1_233222 (master)
$ git fetch origin
git checkout 4-sort-tasks-by-priority
From https://github.com/Stoilovski/SI_2025_lab1_233222
 * [new branch]      4-sort-tasks-by-priority -> origin/4-sort-tasks-by-priority
branch '4-sort-tasks-by-priority' set up to track 'origin/4-sort-tasks-by-priority'.
Switched to a new branch '4-sort-tasks-by-priority'

PC@DESKTOP-DGJG9PF MINGW64 ~/Desktop/SI_2025_lab1_233222 (4-sort-tasks-by-priority)
$ git fetch origin
git checkout 7-count-tasks-per-category
From https://github.com/Stoilovski/SI_2025_lab1_233222
 * [new branch]      7-count-tasks-per-category -> origin/7-count-tasks-per-category
branch '7-count-tasks-per-category' set up to track 'origin/7-count-tasks-per-category'.
Switched to a new branch '7-count-tasks-per-category'

PC@DESKTOP-DGJG9PF MINGW64 ~/Desktop/SI_2025_lab1_233222 (7-count-tasks-per-category)
$ git fetch origin

PC@DESKTOP-DGJG9PF MINGW64 ~/Desktop/SI_2025_lab1_233222 (7-count-tasks-per-category)
$ git checkout 1-remove-a-task-by-name
Switched to branch '1-remove-a-task-by-name'
Your branch is up to date with 'origin/1-remove-a-task-by-name'.

PC@DESKTOP-DGJG9PF MINGW64 ~/Desktop/SI_2025_lab1_233222 (1-remove-a-task-by-name)
$ git checkout master
Switched to branch 'master'
Your branch is up to date with 'origin/master'.

PC@DESKTOP-DGJG9PF MINGW64 ~/Desktop/SI_2025_lab1_233222 (master)
$ git fetch origin

PC@DESKTOP-DGJG9PF MINGW64 ~/Desktop/SI_2025_lab1_233222 (master)
$ git checkout 1-remove-a-task-by-name
Switched to branch '1-remove-a-task-by-name'
Your branch is up to date with 'origin/1-remove-a-task-by-name'.

PC@DESKTOP-DGJG9PF MINGW64 ~/Desktop/SI_2025_lab1_233222 (1-remove-a-task-by-name)
$ git add .
warning: in the working copy of 'SI2025Lab1Main.java', LF will be replaced by CRLF the next time Git tou
ches it

PC@DESKTOP-DGJG9PF MINGW64 ~/Desktop/SI_2025_lab1_233222 (1-remove-a-task-by-name)
$ git commit -m "first-issue-completed"
[1-remove-a-task-by-name 1107ef9] first-issue-completed
 1 file changed, 1 insertion(+)

PC@DESKTOP-DGJG9PF MINGW64 ~/Desktop/SI_2025_lab1_233222 (1-remove-a-task-by-name)
$ git fetch origin

PC@DESKTOP-DGJG9PF MINGW64 ~/Desktop/SI_2025_lab1_233222 (1-remove-a-task-by-name)
$ git pull origin 1-remove-a-task-by-name
From https://github.com/Stoilovski/SI_2025_lab1_233222
 * branch            1-remove-a-task-by-name -> FETCH_HEAD
Already up to date.

PC@DESKTOP-DGJG9PF MINGW64 ~/Desktop/SI_2025_lab1_233222 (1-remove-a-task-by-name)
$ git push origin 1-remove-a-task-by-name
Enumerating objects: 5, done.
Counting objects: 100% (5/5), done.
Delta compression using up to 6 threads
Compressing objects: 100% (3/3), done.
Writing objects: 100% (3/3), 397 bytes | 397.00 KiB/s, done.
Total 3 (delta 1), reused 0 (delta 0), pack-reused 0 (from 0)
remote: Resolving deltas: 100% (1/1), completed with 1 local object.
To https://github.com/Stoilovski/SI_2025_lab1_233222.git
   80e1de8..1107ef9  1-remove-a-task-by-name -> 1-remove-a-task-by-name

PC@DESKTOP-DGJG9PF MINGW64 ~/Desktop/SI_2025_lab1_233222 (1-remove-a-task-by-name)
$ git checkout 4-sort-tasks-by-priority
error: Your local changes to the following files would be overwritten by checkout:
        SI2025Lab1Main.java
Please commit your changes or stash them before you switch branches.
Aborting

PC@DESKTOP-DGJG9PF MINGW64 ~/Desktop/SI_2025_lab1_233222 (1-remove-a-task-by-name)
$ git checkout 4-sort-tasks-by-priority
error: Your local changes to the following files would be overwritten by checkout:
        SI2025Lab1Main.java
Please commit your changes or stash them before you switch branches.
Aborting

PC@DESKTOP-DGJG9PF MINGW64 ~/Desktop/SI_2025_lab1_233222 (1-remove-a-task-by-name)
$ git checkout master
error: Your local changes to the following files would be overwritten by checkout:
        SI2025Lab1Main.java
Please commit your changes or stash them before you switch branches.
Aborting

PC@DESKTOP-DGJG9PF MINGW64 ~/Desktop/SI_2025_lab1_233222 (1-remove-a-task-by-name)
$ git commit -m "first-issue-completed"
On branch 1-remove-a-task-by-name
Your branch is up to date with 'origin/1-remove-a-task-by-name'.

Changes not staged for commit:
  (use "git add <file>..." to update what will be committed)
  (use "git restore <file>..." to discard changes in working directory)
        modified:   SI2025Lab1Main.java

no changes added to commit (use "git add" and/or "git commit -a")

PC@DESKTOP-DGJG9PF MINGW64 ~/Desktop/SI_2025_lab1_233222 (1-remove-a-task-by-name)
$ git commit -m "1-remove-a-task-by-name"
On branch 1-remove-a-task-by-name
Your branch is up to date with 'origin/1-remove-a-task-by-name'.

Changes not staged for commit:
  (use "git add <file>..." to update what will be committed)
  (use "git restore <file>..." to discard changes in working directory)
        modified:   SI2025Lab1Main.java

no changes added to commit (use "git add" and/or "git commit -a")

PC@DESKTOP-DGJG9PF MINGW64 ~/Desktop/SI_2025_lab1_233222 (1-remove-a-task-by-name)
$ git add "1-remove-a-task-by-name"
fatal: pathspec '1-remove-a-task-by-name' did not match any files

PC@DESKTOP-DGJG9PF MINGW64 ~/Desktop/SI_2025_lab1_233222 (1-remove-a-task-by-name)
$ git add "first-issue-completed"
fatal: pathspec 'first-issue-completed' did not match any files

PC@DESKTOP-DGJG9PF MINGW64 ~/Desktop/SI_2025_lab1_233222 (1-remove-a-task-by-name)
$ git fetch origin
remote: Enumerating objects: 1, done.
remote: Counting objects: 100% (1/1), done.
remote: Total 1 (delta 0), reused 0 (delta 0), pack-reused 0 (from 0)
Unpacking objects: 100% (1/1), 926 bytes | 231.00 KiB/s, done.
From https://github.com/Stoilovski/SI_2025_lab1_233222
   80e1de8..616c963  master     -> origin/master

PC@DESKTOP-DGJG9PF MINGW64 ~/Desktop/SI_2025_lab1_233222 (1-remove-a-task-by-name)
$ git checkout master
error: Your local changes to the following files would be overwritten by checkout:
        SI2025Lab1Main.java
Please commit your changes or stash them before you switch branches.
Aborting

PC@DESKTOP-DGJG9PF MINGW64 ~/Desktop/SI_2025_lab1_233222 (1-remove-a-task-by-name)
$ git add SI2025Lab1Main.java
warning: in the working copy of 'SI2025Lab1Main.java', LF will be replaced by CRLF the next time Git tou
ches it

PC@DESKTOP-DGJG9PF MINGW64 ~/Desktop/SI_2025_lab1_233222 (1-remove-a-task-by-name)
$ git commit -m "first-issue-completed"
[1-remove-a-task-by-name a1ca22b] first-issue-completed
 1 file changed, 1 insertion(+)

PC@DESKTOP-DGJG9PF MINGW64 ~/Desktop/SI_2025_lab1_233222 (1-remove-a-task-by-name)
$ git checkout master
Switched to branch 'master'
Your branch is behind 'origin/master' by 2 commits, and can be fast-forwarded.
  (use "git pull" to update your local branch)

PC@DESKTOP-DGJG9PF MINGW64 ~/Desktop/SI_2025_lab1_233222 (master)
$ git checkout 4-sort-tasks-by-priority
Switched to branch '4-sort-tasks-by-priority'
Your branch is up to date with 'origin/4-sort-tasks-by-priority'.

PC@DESKTOP-DGJG9PF MINGW64 ~/Desktop/SI_2025_lab1_233222 (4-sort-tasks-by-priority)
$ git add .

PC@DESKTOP-DGJG9PF MINGW64 ~/Desktop/SI_2025_lab1_233222 (4-sort-tasks-by-priority)
$ git commit -m "second-issue-completed"
On branch 4-sort-tasks-by-priority
Your branch is up to date with 'origin/4-sort-tasks-by-priority'.

nothing to commit, working tree clean

PC@DESKTOP-DGJG9PF MINGW64 ~/Desktop/SI_2025_lab1_233222 (4-sort-tasks-by-priority)
$ git fetch origin

PC@DESKTOP-DGJG9PF MINGW64 ~/Desktop/SI_2025_lab1_233222 (4-sort-tasks-by-priority)
$ git fetch origin

PC@DESKTOP-DGJG9PF MINGW64 ~/Desktop/SI_2025_lab1_233222 (4-sort-tasks-by-priority)
$ git fetch origin

PC@DESKTOP-DGJG9PF MINGW64 ~/Desktop/SI_2025_lab1_233222 (4-sort-tasks-by-priority)
$ git checkout master
Switched to branch 'master'
Your branch is behind 'origin/master' by 2 commits, and can be fast-forwarded.
  (use "git pull" to update your local branch)

PC@DESKTOP-DGJG9PF MINGW64 ~/Desktop/SI_2025_lab1_233222 (master)
$ git pull
remote: Enumerating objects: 5, done.
remote: Counting objects: 100% (5/5), done.
remote: Compressing objects: 100% (2/2), done.
remote: Total 3 (delta 0), reused 0 (delta 0), pack-reused 0 (from 0)
Unpacking objects: 100% (3/3), 968 bytes | 69.00 KiB/s, done.
From https://github.com/Stoilovski/SI_2025_lab1_233222
   616c963..2a5ffdd  master     -> origin/master
Updating 80e1de8..2a5ffdd
Fast-forward
 README.md           | 2 +-
 SI2025Lab1Main.java | 1 +
 2 files changed, 2 insertions(+), 1 deletion(-)

PC@DESKTOP-DGJG9PF MINGW64 ~/Desktop/SI_2025_lab1_233222 (master)
$ git checkout 4-sort-tasks-by-priority
error: Your local changes to the following files would be overwritten by checkout:
        SI2025Lab1Main.java
Please commit your changes or stash them before you switch branches.
Aborting

PC@DESKTOP-DGJG9PF MINGW64 ~/Desktop/SI_2025_lab1_233222 (master)
$ git checkout 4-sort-tasks-by-priority
Switched to branch '4-sort-tasks-by-priority'
Your branch is up to date with 'origin/4-sort-tasks-by-priority'.

PC@DESKTOP-DGJG9PF MINGW64 ~/Desktop/SI_2025_lab1_233222 (4-sort-tasks-by-priority)
$ git add .

PC@DESKTOP-DGJG9PF MINGW64 ~/Desktop/SI_2025_lab1_233222 (4-sort-tasks-by-priority)
$ git commit -m "second-issue-completed"
[4-sort-tasks-by-priority 3c0c5a2] second-issue-completed
 1 file changed, 1 insertion(+)

PC@DESKTOP-DGJG9PF MINGW64 ~/Desktop/SI_2025_lab1_233222 (4-sort-tasks-by-priority)
$ git fetch origin

PC@DESKTOP-DGJG9PF MINGW64 ~/Desktop/SI_2025_lab1_233222 (4-sort-tasks-by-priority)
$ git push origin 4-sort-tasks-by-priority
Enumerating objects: 5, done.
Counting objects: 100% (5/5), done.
Delta compression using up to 6 threads
Compressing objects: 100% (3/3), done.
Writing objects: 100% (3/3), 452 bytes | 452.00 KiB/s, done.
Total 3 (delta 1), reused 0 (delta 0), pack-reused 0 (from 0)
remote: Resolving deltas: 100% (1/1), completed with 1 local object.
To https://github.com/Stoilovski/SI_2025_lab1_233222.git
   80e1de8..3c0c5a2  4-sort-tasks-by-priority -> 4-sort-tasks-by-priority

PC@DESKTOP-DGJG9PF MINGW64 ~/Desktop/SI_2025_lab1_233222 (4-sort-tasks-by-priority)
$ git checkout master
Switched to branch 'master'
Your branch is up to date with 'origin/master'.

PC@DESKTOP-DGJG9PF MINGW64 ~/Desktop/SI_2025_lab1_233222 (master)
$ git fetch origin
remote: Enumerating objects: 7, done.
remote: Counting objects: 100% (7/7), done.
remote: Compressing objects: 100% (3/3), done.
remote: Total 3 (delta 1), reused 0 (delta 0), pack-reused 0 (from 0)
Unpacking objects: 100% (3/3), 1.09 KiB | 139.00 KiB/s, done.
From https://github.com/Stoilovski/SI_2025_lab1_233222
   2a5ffdd..5451bad  master     -> origin/master

PC@DESKTOP-DGJG9PF MINGW64 ~/Desktop/SI_2025_lab1_233222 (master)
$ git pull
Updating 2a5ffdd..5451bad
Fast-forward
 SI2025Lab1Main.java | 1 +
 1 file changed, 1 insertion(+)

PC@DESKTOP-DGJG9PF MINGW64 ~/Desktop/SI_2025_lab1_233222 (master)
$ git checkout 7-count-tasks-per-category
Switched to branch '7-count-tasks-per-category'
Your branch is up to date with 'origin/7-count-tasks-per-category'.

PC@DESKTOP-DGJG9PF MINGW64 ~/Desktop/SI_2025_lab1_233222 (7-count-tasks-per-category)
$ git add .

PC@DESKTOP-DGJG9PF MINGW64 ~/Desktop/SI_2025_lab1_233222 (7-count-tasks-per-category)
$ git checkout master
Switched to branch 'master'
Your branch is up to date with 'origin/master'.

PC@DESKTOP-DGJG9PF MINGW64 ~/Desktop/SI_2025_lab1_233222 (master)
$ git checkout 7-count-tasks-per-category
Switched to branch '7-count-tasks-per-category'
Your branch is up to date with 'origin/7-count-tasks-per-category'.

PC@DESKTOP-DGJG9PF MINGW64 ~/Desktop/SI_2025_lab1_233222 (7-count-tasks-per-category)
$ git add .

PC@DESKTOP-DGJG9PF MINGW64 ~/Desktop/SI_2025_lab1_233222 (7-count-tasks-per-category)
$ git commit -m "third-issue-completed"
[7-count-tasks-per-category 4707d1a] third-issue-completed
 1 file changed, 5 insertions(+), 1 deletion(-)

PC@DESKTOP-DGJG9PF MINGW64 ~/Desktop/SI_2025_lab1_233222 (7-count-tasks-per-category)
$ git push origin 7-count-tasks-per-category
Enumerating objects: 5, done.
Counting objects: 100% (5/5), done.
Delta compression using up to 6 threads
Compressing objects: 100% (3/3), done.
Writing objects: 100% (3/3), 443 bytes | 443.00 KiB/s, done.
Total 3 (delta 1), reused 0 (delta 0), pack-reused 0 (from 0)
remote: Resolving deltas: 100% (1/1), completed with 1 local object.
To https://github.com/Stoilovski/SI_2025_lab1_233222.git
   80e1de8..4707d1a  7-count-tasks-per-category -> 7-count-tasks-per-category

PC@DESKTOP-DGJG9PF MINGW64 ~/Desktop/SI_2025_lab1_233222 (7-count-tasks-per-category)
$ git checkout master
Switched to branch 'master'
Your branch is up to date with 'origin/master'.

PC@DESKTOP-DGJG9PF MINGW64 ~/Desktop/SI_2025_lab1_233222 (master)
$ git checkout master
Already on 'master'
Your branch is up to date with 'origin/master'.

PC@DESKTOP-DGJG9PF MINGW64 ~/Desktop/SI_2025_lab1_233222 (master)
$ git fetch origin
remote: Enumerating objects: 7, done.
remote: Counting objects: 100% (7/7), done.
remote: Compressing objects: 100% (3/3), done.
remote: Total 3 (delta 1), reused 0 (delta 0), pack-reused 0 (from 0)
Unpacking objects: 100% (3/3), 1.14 KiB | 89.00 KiB/s, done.
From https://github.com/Stoilovski/SI_2025_lab1_233222
   5451bad..a384e2e  master     -> origin/master

PC@DESKTOP-DGJG9PF MINGW64 ~/Desktop/SI_2025_lab1_233222 (master)
$ git pull
Updating 5451bad..a384e2e
Fast-forward
 SI2025Lab1Main.java | 6 +++++-
 1 file changed, 5 insertions(+), 1 deletion(-)

PC@DESKTOP-DGJG9PF MINGW64 ~/Desktop/SI_2025_lab1_233222 (master)
$ git log --oneline --graph --all
*   a384e2e (HEAD -> master, origin/master, origin/HEAD) Merge pull request #12 from Stoilovski/7-count-tasks-per-category
|\
| * 4707d1a (origin/7-count-tasks-per-category, 7-count-tasks-per-category) third-issue-completed
* |   5451bad Merge pull request #11 from Stoilovski/4-sort-tasks-by-priority
|\ \
| * | 3c0c5a2 (origin/4-sort-tasks-by-priority, 4-sort-tasks-by-priority) second-issue-completed
| |/
* | 2a5ffdd Update README.md
* |   616c963 Merge pull request #10 from Stoilovski/1-remove-a-task-by-name
|\ \
| |/
|/|
| | * a1ca22b (1-remove-a-task-by-name) first-issue-completed
| |/
| * 1107ef9 (origin/1-remove-a-task-by-name) first-issue-completed
|/
* 80e1de8 Add starter code
* 21998d6 first commit


PC@DESKTOP-DGJG9PF MINGW64 ~/Desktop/SI_2025_lab1_233222 (master)
$ git clone https://github.com/Stoilovski/SI_2025_lab1_151020.git
Cloning into 'SI_2025_lab1_151020'...
remote: Enumerating objects: 26, done.
remote: Counting objects: 100% (3/3), done.
remote: Compressing objects: 100% (3/3), done.
remote: Total 26 (delta 1), reused 0 (delta 0), pack-reused 23 (from 1)
Receiving objects: 100% (26/26), 5.56 KiB | 1.85 MiB/s, done.
Resolving deltas: 100% (7/7), done.

PC@DESKTOP-DGJG9PF MINGW64 ~/Desktop/SI_2025_lab1_233222 (master)
$ cd SI_2025_lab1_151020

PC@DESKTOP-DGJG9PF MINGW64 ~/Desktop/SI_2025_lab1_233222/SI_2025_lab1_151020 (master)
$ nano

PC@DESKTOP-DGJG9PF MINGW64 ~/Desktop/SI_2025_lab1_233222/SI_2025_lab1_151020 (master)
$ git add .
warning: in the working copy of '233222.txt', LF will be replaced by CRLF the next time Git touche
s it

PC@DESKTOP-DGJG9PF MINGW64 ~/Desktop/SI_2025_lab1_233222/SI_2025_lab1_151020 (master)
$ git commit -m "Add file"
Author identity unknown

*** Please tell me who you are.

Run

  git config --global user.email "you@example.com"
  git config --global user.name "Your Name"

to set your account's default identity.
Omit --global to set the identity only in this repository.

fatal: unable to auto-detect email address (got 'PC@DESKTOP-DGJG9PF.(none)')

PC@DESKTOP-DGJG9PF MINGW64 ~/Desktop/SI_2025_lab1_233222/SI_2025_lab1_151020 (master)
$ git config user.email "david.stoilovski@students.finki.ukim.mk"

PC@DESKTOP-DGJG9PF MINGW64 ~/Desktop/SI_2025_lab1_233222/SI_2025_lab1_151020 (master)
$ git config user.name "Stoilovski"

PC@DESKTOP-DGJG9PF MINGW64 ~/Desktop/SI_2025_lab1_233222/SI_2025_lab1_151020 (master)
$ git commit -m "Add file"
[master 387dde5] Add file
 1 file changed, 1 insertion(+)
 create mode 100644 233222.txt

PC@DESKTOP-DGJG9PF MINGW64 ~/Desktop/SI_2025_lab1_233222/SI_2025_lab1_151020 (master)
$ git push origin master
Enumerating objects: 4, done.
Counting objects: 100% (4/4), done.
Delta compression using up to 6 threads
Compressing objects: 100% (2/2), done.
Writing objects: 100% (3/3), 301 bytes | 301.00 KiB/s, done.
Total 3 (delta 1), reused 0 (delta 0), pack-reused 0 (from 0)
remote: Resolving deltas: 100% (1/1), completed with 1 local object.
To https://github.com/Stoilovski/SI_2025_lab1_151020.git
   bb2576c..387dde5  master -> master